#-----------------------------------------------------------
# Vivado v2020.1 (64-bit)
# SW Build 2902540 on Wed May 27 19:54:49 MDT 2020
# IP Build 2902112 on Wed May 27 22:43:36 MDT 2020
# Start of session at: Sat Nov 12 16:40:03 2022
# Process ID: 20140
# Current directory: C:/Users/jeffj/OneDrive/Documents/University of Alberta/ECE 210 Lab/lab3_part3
# Command line: vivado.exe -gui_launcher_event rodinguilauncherevent19200 C:\Users\jeffj\OneDrive\Documents\University of Alberta\ECE 210 Lab\lab3_part3\lab3_part3.xpr
# Log file: C:/Users/jeffj/OneDrive/Documents/University of Alberta/ECE 210 Lab/lab3_part3/vivado.log
# Journal file: C:/Users/jeffj/OneDrive/Documents/University of Alberta/ECE 210 Lab/lab3_part3\vivado.jou
#-----------------------------------------------------------
start_gui
open_project {C:/Users/jeffj/OneDrive/Documents/University of Alberta/ECE 210 Lab/lab3_part3/lab3_part3.xpr}
update_compile_order -fileset sources_1
launch_simulation
source Seven_Segments_tb.tcl
current_wave_config {Untitled 1}
add_wave {{/Seven_Segments_tb}} 
current_wave_config {Untitled 1}
add_wave {{/Seven_Segments_tb/Seven_Segment}} 
add_wave {{/Seven_Segments_tb/Seven_Segment}} 
close_sim
launch_simulation
source Seven_Segments_tb.tcl
current_wave_config {Untitled 3}
add_wave {{/Seven_Segments_tb/Seven_Segment/SevenSeg_Count}} 
current_wave_config {Untitled 3}
add_wave {{/Seven_Segments_tb/Seven_Segment/SevenSeg_show}} 
close_sim
launch_simulation
source Seven_Segments_tb.tcl
current_wave_config {Untitled 4}
add_wave {{/Seven_Segments_tb/Seven_Segment/SevenSeg_Count}} 
current_wave_config {Untitled 4}
add_wave {{/Seven_Segments_tb/Seven_Segment/SevenSeg_show}} 
launch_runs synth_1 -jobs 4
wait_on_run synth_1
close_sim
launch_simulation
reset_run synth_1
launch_simulation
source Seven_Segments_tb.tcl
current_wave_config {Untitled 5}
add_wave {{/Seven_Segments_tb/Seven_Segment/SevenSeg_Count}} 
current_wave_config {Untitled 5}
add_wave {{/Seven_Segments_tb/Seven_Segment/SevenSeg_show}} 
close_sim
launch_simulation
source Seven_Segments_tb.tcl
current_wave_config {Untitled 6}
add_wave {{/Seven_Segments_tb/Seven_Segment/SevenSeg_show}} 
current_wave_config {Untitled 6}
add_wave {{/Seven_Segments_tb/Seven_Segment/SevenSeg_Count}} 
close_sim
launch_simulation
source Seven_Segments_tb.tcl
current_wave_config {Untitled 7}
add_wave {{/Seven_Segments_tb/Seven_Segment/SevenSeg_Count}} 
current_wave_config {Untitled 7}
add_wave {{/Seven_Segments_tb/Seven_Segment/SevenSeg_show}} 
current_wave_config {Untitled 7}
log_wave {/Seven_Segments_tb/Seven_Segment/SevenSeg_show} 
close_sim
launch_simulation
source Seven_Segments_tb.tcl
current_wave_config {Untitled 8}
add_wave {{/Seven_Segments_tb/Seven_Segment/SevenSeg_Count}} 
current_wave_config {Untitled 8}
add_wave {{/Seven_Segments_tb/Seven_Segment/SevenSeg_show}} 
current_wave_config {Untitled 8}
add_wave {{/Seven_Segments_tb/Seven_Segment/max_SevenSeg_Count}} 
close_sim
launch_simulation
source Seven_Segments_tb.tcl
current_wave_config {Untitled 9}
add_wave {{/Seven_Segments_tb/Seven_Segment/SevenSeg_show}} 
current_wave_config {Untitled 9}
add_wave {{/Seven_Segments_tb/Seven_Segment/SevenSeg_Count}} 
add_bp {C:/Users/jeffj/Downloads/lab3_part3.vhd} 110
remove_bps -file {C:/Users/jeffj/Downloads/lab3_part3.vhd} -line 110
add_bp {C:/Users/jeffj/Downloads/lab3_part3.vhd} 110
add_bp {C:/Users/jeffj/Downloads/lab3_part3.vhd} 111
add_bp {C:/Users/jeffj/Downloads/lab3_part3.vhd} 112
add_bp {C:/Users/jeffj/Downloads/lab3_part3.vhd} 113
add_bp {C:/Users/jeffj/Downloads/lab3_part3.vhd} 115
add_bp {C:/Users/jeffj/Downloads/lab3_part3.vhd} 114
add_bp {C:/Users/jeffj/Downloads/lab3_part3.vhd} 116
add_bp {C:/Users/jeffj/Downloads/lab3_part3.vhd} 117
add_bp {C:/Users/jeffj/Downloads/lab3_part3.vhd} 119
add_bp {C:/Users/jeffj/Downloads/lab3_part3.vhd} 118
add_bp {C:/Users/jeffj/Downloads/lab3_part3.vhd} 120
add_bp {C:/Users/jeffj/Downloads/lab3_part3.vhd} 122
add_bp {C:/Users/jeffj/Downloads/lab3_part3.vhd} 121
add_bp {C:/Users/jeffj/Downloads/lab3_part3.vhd} 123
add_bp {C:/Users/jeffj/Downloads/lab3_part3.vhd} 125
add_bp {C:/Users/jeffj/Downloads/lab3_part3.vhd} 126
add_bp {C:/Users/jeffj/Downloads/lab3_part3.vhd} 127
add_bp {C:/Users/jeffj/Downloads/lab3_part3.vhd} 128
add_bp {C:/Users/jeffj/Downloads/lab3_part3.vhd} 124
add_bp {C:/Users/jeffj/Downloads/lab3_part3.vhd} 129
remove_bps -file {C:/Users/jeffj/Downloads/lab3_part3.vhd} -line 129
add_bp {C:/Users/jeffj/Downloads/lab3_part3.vhd} 129
close_sim
